// Validating benchmarks:
// ***** BenchmarkRunner: Start   *****
// ***** Found 2 benchmark(s) in total *****
// ***** Building 1 exe(s) in Parallel: Start   *****
// start dotnet  restore --nodeReuse:false /p:UseSharedCompilation=false /p:Deterministic=true /p:Optimize=true /p:ArtifactsPath="D:\yhoba\1\Test\123\Lab11-Multithreading-CSharp\bin\Release\net8.0\Lab11-DefaultJob-1/" /p:OutDir="D:\yhoba\1\Test\123\Lab11-Multithreading-CSharp\bin\Release\net8.0\Lab11-DefaultJob-1\bin\Release\net8.0/" /p:OutputPath="D:\yhoba\1\Test\123\Lab11-Multithreading-CSharp\bin\Release\net8.0\Lab11-DefaultJob-1\bin\Release\net8.0/" /p:PublishDir="D:\yhoba\1\Test\123\Lab11-Multithreading-CSharp\bin\Release\net8.0\Lab11-DefaultJob-1\publish/" in D:\yhoba\1\Test\123\Lab11-Multithreading-CSharp\bin\Release\net8.0\Lab11-DefaultJob-1
// command took 1.28 sec and exited with 0
// start dotnet  build -c Release --no-restore --nodeReuse:false /p:UseSharedCompilation=false /p:Deterministic=true /p:Optimize=true /p:ArtifactsPath="D:\yhoba\1\Test\123\Lab11-Multithreading-CSharp\bin\Release\net8.0\Lab11-DefaultJob-1/" /p:OutDir="D:\yhoba\1\Test\123\Lab11-Multithreading-CSharp\bin\Release\net8.0\Lab11-DefaultJob-1\bin\Release\net8.0/" /p:OutputPath="D:\yhoba\1\Test\123\Lab11-Multithreading-CSharp\bin\Release\net8.0\Lab11-DefaultJob-1\bin\Release\net8.0/" /p:PublishDir="D:\yhoba\1\Test\123\Lab11-Multithreading-CSharp\bin\Release\net8.0\Lab11-DefaultJob-1\publish/" --output "D:\yhoba\1\Test\123\Lab11-Multithreading-CSharp\bin\Release\net8.0\Lab11-DefaultJob-1\bin\Release\net8.0/" in D:\yhoba\1\Test\123\Lab11-Multithreading-CSharp\bin\Release\net8.0\Lab11-DefaultJob-1
// command took 4.43 sec and exited with 0
// ***** Done, took 00:00:05 (5.79 sec)   *****
// Found 2 benchmarks:
//   MultithreadingBenchmarks.Legacy_ProcessArray: DefaultJob
//   MultithreadingBenchmarks.Modern_ProcessArrayAsync: DefaultJob

Setup power plan (GUID: 8c5e7fda-e8bf-4a96-9a85-a6e23a8c635c FriendlyName: Висока продуктивність)
// **************************
// Benchmark: MultithreadingBenchmarks.Legacy_ProcessArray: DefaultJob
// *** Execute ***
// Launch: 1 / 1
// Execute: dotnet Lab11-DefaultJob-1.dll --anonymousPipes 1184 1212 --benchmarkName Lab11.MultithreadingBenchmarks.Legacy_ProcessArray --job Default --benchmarkId 0 in D:\yhoba\1\Test\123\Lab11-Multithreading-CSharp\bin\Release\net8.0\Lab11-DefaultJob-1\bin\Release\net8.0
// BeforeAnythingElse

// Benchmark Process Environment Information:
// BenchmarkDotNet v0.15.8
// Runtime=.NET 8.0.22 (8.0.22, 8.0.2225.52707), X64 RyuJIT x86-64-v4
// GC=Concurrent Workstation
// HardwareIntrinsics=AVX512 IFMA+VBMI,AVX512 F+BW+CD+DQ+VL,AVX2+BMI1+BMI2+F16C+FMA+LZCNT+MOVBE,AVX,SSE3+SSSE3+SSE4.1+SSE4.2+POPCNT,X86Base+SSE+SSE2,AES+PCLMUL VectorSize=256
// Job: DefaultJob

OverheadJitting  1: 1 op, 144200.00 ns, 144.2000 us/op
WorkloadJitting  1: 1 op, 807900.00 ns, 807.9000 us/op

OverheadJitting  2: 16 op, 240200.00 ns, 15.0125 us/op
WorkloadJitting  2: 16 op, 3391100.00 ns, 211.9438 us/op

WorkloadPilot    1: 16 op, 2944600.00 ns, 184.0375 us/op
WorkloadPilot    2: 32 op, 5851200.00 ns, 182.8500 us/op
WorkloadPilot    3: 64 op, 12142400.00 ns, 189.7250 us/op
WorkloadPilot    4: 128 op, 26359900.00 ns, 205.9367 us/op
WorkloadPilot    5: 256 op, 48061100.00 ns, 187.7387 us/op
WorkloadPilot    6: 512 op, 80996900.00 ns, 158.1971 us/op
WorkloadPilot    7: 1024 op, 158139900.00 ns, 154.4335 us/op
WorkloadPilot    8: 2048 op, 340072100.00 ns, 166.0508 us/op
WorkloadPilot    9: 4096 op, 736395200.00 ns, 179.7840 us/op

OverheadWarmup   1: 4096 op, 9800.00 ns, 2.3926 ns/op
OverheadWarmup   2: 4096 op, 8900.00 ns, 2.1729 ns/op
OverheadWarmup   3: 4096 op, 8700.00 ns, 2.1240 ns/op
OverheadWarmup   4: 4096 op, 8800.00 ns, 2.1484 ns/op
OverheadWarmup   5: 4096 op, 8800.00 ns, 2.1484 ns/op
OverheadWarmup   6: 4096 op, 8700.00 ns, 2.1240 ns/op
OverheadWarmup   7: 4096 op, 10800.00 ns, 2.6367 ns/op

OverheadActual   1: 4096 op, 8800.00 ns, 2.1484 ns/op
OverheadActual   2: 4096 op, 9100.00 ns, 2.2217 ns/op
OverheadActual   3: 4096 op, 9300.00 ns, 2.2705 ns/op
OverheadActual   4: 4096 op, 8700.00 ns, 2.1240 ns/op
OverheadActual   5: 4096 op, 9000.00 ns, 2.1973 ns/op
OverheadActual   6: 4096 op, 8700.00 ns, 2.1240 ns/op
OverheadActual   7: 4096 op, 8700.00 ns, 2.1240 ns/op
OverheadActual   8: 4096 op, 8700.00 ns, 2.1240 ns/op
OverheadActual   9: 4096 op, 11600.00 ns, 2.8320 ns/op
OverheadActual  10: 4096 op, 9700.00 ns, 2.3682 ns/op
OverheadActual  11: 4096 op, 10700.00 ns, 2.6123 ns/op
OverheadActual  12: 4096 op, 8800.00 ns, 2.1484 ns/op
OverheadActual  13: 4096 op, 10800.00 ns, 2.6367 ns/op
OverheadActual  14: 4096 op, 8700.00 ns, 2.1240 ns/op
OverheadActual  15: 4096 op, 10800.00 ns, 2.6367 ns/op
OverheadActual  16: 4096 op, 8700.00 ns, 2.1240 ns/op
OverheadActual  17: 4096 op, 8700.00 ns, 2.1240 ns/op
OverheadActual  18: 4096 op, 9000.00 ns, 2.1973 ns/op
OverheadActual  19: 4096 op, 8800.00 ns, 2.1484 ns/op
OverheadActual  20: 4096 op, 8700.00 ns, 2.1240 ns/op

WorkloadWarmup   1: 4096 op, 693028700.00 ns, 169.1965 us/op
WorkloadWarmup   2: 4096 op, 630227300.00 ns, 153.8641 us/op
WorkloadWarmup   3: 4096 op, 657513400.00 ns, 160.5257 us/op
WorkloadWarmup   4: 4096 op, 657115000.00 ns, 160.4285 us/op
WorkloadWarmup   5: 4096 op, 632746900.00 ns, 154.4792 us/op
WorkloadWarmup   6: 4096 op, 620159500.00 ns, 151.4061 us/op
WorkloadWarmup   7: 4096 op, 645056600.00 ns, 157.4845 us/op
WorkloadWarmup   8: 4096 op, 616274600.00 ns, 150.4577 us/op

// BeforeActualRun
WorkloadActual   1: 4096 op, 627353800.00 ns, 153.1625 us/op
WorkloadActual   2: 4096 op, 610527000.00 ns, 149.0544 us/op
WorkloadActual   3: 4096 op, 636196800.00 ns, 155.3215 us/op
WorkloadActual   4: 4096 op, 703388400.00 ns, 171.7257 us/op
WorkloadActual   5: 4096 op, 632333100.00 ns, 154.3782 us/op
WorkloadActual   6: 4096 op, 620637300.00 ns, 151.5228 us/op
WorkloadActual   7: 4096 op, 640278300.00 ns, 156.3179 us/op
WorkloadActual   8: 4096 op, 619169300.00 ns, 151.1644 us/op
WorkloadActual   9: 4096 op, 647555200.00 ns, 158.0945 us/op
WorkloadActual  10: 4096 op, 665002700.00 ns, 162.3542 us/op
WorkloadActual  11: 4096 op, 628002100.00 ns, 153.3208 us/op
WorkloadActual  12: 4096 op, 623025700.00 ns, 152.1059 us/op
WorkloadActual  13: 4096 op, 632734000.00 ns, 154.4761 us/op
WorkloadActual  14: 4096 op, 626851400.00 ns, 153.0399 us/op
WorkloadActual  15: 4096 op, 646925700.00 ns, 157.9408 us/op
WorkloadActual  16: 4096 op, 668309500.00 ns, 163.1615 us/op
WorkloadActual  17: 4096 op, 676662800.00 ns, 165.2009 us/op
WorkloadActual  18: 4096 op, 650683400.00 ns, 158.8583 us/op
WorkloadActual  19: 4096 op, 658498300.00 ns, 160.7662 us/op
WorkloadActual  20: 4096 op, 660943600.00 ns, 161.3632 us/op
WorkloadActual  21: 4096 op, 662192700.00 ns, 161.6681 us/op
WorkloadActual  22: 4096 op, 655119600.00 ns, 159.9413 us/op
WorkloadActual  23: 4096 op, 673205100.00 ns, 164.3567 us/op
WorkloadActual  24: 4096 op, 650277900.00 ns, 158.7593 us/op
WorkloadActual  25: 4096 op, 671055200.00 ns, 163.8318 us/op
WorkloadActual  26: 4096 op, 661899200.00 ns, 161.5965 us/op
WorkloadActual  27: 4096 op, 673759800.00 ns, 164.4921 us/op
WorkloadActual  28: 4096 op, 661315500.00 ns, 161.4540 us/op
WorkloadActual  29: 4096 op, 667350400.00 ns, 162.9273 us/op
WorkloadActual  30: 4096 op, 670277500.00 ns, 163.6420 us/op
WorkloadActual  31: 4096 op, 671739300.00 ns, 163.9989 us/op
WorkloadActual  32: 4096 op, 682320900.00 ns, 166.5823 us/op
WorkloadActual  33: 4096 op, 653186000.00 ns, 159.4692 us/op
WorkloadActual  34: 4096 op, 587607400.00 ns, 143.4588 us/op
WorkloadActual  35: 4096 op, 616763800.00 ns, 150.5771 us/op
WorkloadActual  36: 4096 op, 645003600.00 ns, 157.4716 us/op
WorkloadActual  37: 4096 op, 703573100.00 ns, 171.7708 us/op
WorkloadActual  38: 4096 op, 627879200.00 ns, 153.2908 us/op
WorkloadActual  39: 4096 op, 642409300.00 ns, 156.8382 us/op
WorkloadActual  40: 4096 op, 641081700.00 ns, 156.5141 us/op
WorkloadActual  41: 4096 op, 643733700.00 ns, 157.1615 us/op
WorkloadActual  42: 4096 op, 624673200.00 ns, 152.5081 us/op
WorkloadActual  43: 4096 op, 662503400.00 ns, 161.7440 us/op
WorkloadActual  44: 4096 op, 651736500.00 ns, 159.1154 us/op

// AfterActualRun
WorkloadResult   1: 4096 op, 627345000.00 ns, 153.1604 us/op
WorkloadResult   2: 4096 op, 610518200.00 ns, 149.0523 us/op
WorkloadResult   3: 4096 op, 636188000.00 ns, 155.3193 us/op
WorkloadResult   4: 4096 op, 703379600.00 ns, 171.7235 us/op
WorkloadResult   5: 4096 op, 632324300.00 ns, 154.3760 us/op
WorkloadResult   6: 4096 op, 620628500.00 ns, 151.5206 us/op
WorkloadResult   7: 4096 op, 640269500.00 ns, 156.3158 us/op
WorkloadResult   8: 4096 op, 619160500.00 ns, 151.1622 us/op
WorkloadResult   9: 4096 op, 647546400.00 ns, 158.0924 us/op
WorkloadResult  10: 4096 op, 664993900.00 ns, 162.3520 us/op
WorkloadResult  11: 4096 op, 627993300.00 ns, 153.3187 us/op
WorkloadResult  12: 4096 op, 623016900.00 ns, 152.1037 us/op
WorkloadResult  13: 4096 op, 632725200.00 ns, 154.4739 us/op
WorkloadResult  14: 4096 op, 626842600.00 ns, 153.0377 us/op
WorkloadResult  15: 4096 op, 646916900.00 ns, 157.9387 us/op
WorkloadResult  16: 4096 op, 668300700.00 ns, 163.1594 us/op
WorkloadResult  17: 4096 op, 676654000.00 ns, 165.1987 us/op
WorkloadResult  18: 4096 op, 650674600.00 ns, 158.8561 us/op
WorkloadResult  19: 4096 op, 658489500.00 ns, 160.7640 us/op
WorkloadResult  20: 4096 op, 660934800.00 ns, 161.3610 us/op
WorkloadResult  21: 4096 op, 662183900.00 ns, 161.6660 us/op
WorkloadResult  22: 4096 op, 655110800.00 ns, 159.9392 us/op
WorkloadResult  23: 4096 op, 673196300.00 ns, 164.3546 us/op
WorkloadResult  24: 4096 op, 650269100.00 ns, 158.7571 us/op
WorkloadResult  25: 4096 op, 671046400.00 ns, 163.8297 us/op
WorkloadResult  26: 4096 op, 661890400.00 ns, 161.5943 us/op
WorkloadResult  27: 4096 op, 673751000.00 ns, 164.4900 us/op
WorkloadResult  28: 4096 op, 661306700.00 ns, 161.4518 us/op
WorkloadResult  29: 4096 op, 667341600.00 ns, 162.9252 us/op
WorkloadResult  30: 4096 op, 670268700.00 ns, 163.6398 us/op
WorkloadResult  31: 4096 op, 671730500.00 ns, 163.9967 us/op
WorkloadResult  32: 4096 op, 682312100.00 ns, 166.5801 us/op
WorkloadResult  33: 4096 op, 653177200.00 ns, 159.4671 us/op
WorkloadResult  34: 4096 op, 587598600.00 ns, 143.4567 us/op
WorkloadResult  35: 4096 op, 616755000.00 ns, 150.5750 us/op
WorkloadResult  36: 4096 op, 644994800.00 ns, 157.4694 us/op
WorkloadResult  37: 4096 op, 703564300.00 ns, 171.7686 us/op
WorkloadResult  38: 4096 op, 627870400.00 ns, 153.2887 us/op
WorkloadResult  39: 4096 op, 642400500.00 ns, 156.8361 us/op
WorkloadResult  40: 4096 op, 641072900.00 ns, 156.5119 us/op
WorkloadResult  41: 4096 op, 643724900.00 ns, 157.1594 us/op
WorkloadResult  42: 4096 op, 624664400.00 ns, 152.5060 us/op
WorkloadResult  43: 4096 op, 662494600.00 ns, 161.7418 us/op
WorkloadResult  44: 4096 op, 651727700.00 ns, 159.1132 us/op
// GC:  3 3 3 1639408 4096
// Threading:  0 13 4096

// AfterAll
// Benchmark Process 17184 has exited with code 0.

Mean = 158.555 μs, StdErr = 0.877 μs (0.55%), N = 44, StdDev = 5.819 μs
Min = 143.457 μs, Q1 = 154.112 μs, Median = 158.807 μs, Q3 = 162.495 μs, Max = 171.769 μs
IQR = 8.384 μs, LowerFence = 141.536 μs, UpperFence = 175.071 μs
ConfidenceInterval = [155.456 μs; 161.653 μs] (CI 99.9%), Margin = 3.098 μs (1.95% of Mean)
Skewness = -0.03, Kurtosis = 2.96, MValue = 2

// ** Remained 1 (50,0%) benchmark(s) to run. Estimated finish 2026-08-05 10:23 (0h 0m from now) **
Setup power plan (GUID: 8c5e7fda-e8bf-4a96-9a85-a6e23a8c635c FriendlyName: Висока продуктивність)
// **************************
// Benchmark: MultithreadingBenchmarks.Modern_ProcessArrayAsync: DefaultJob
// *** Execute ***
// Launch: 1 / 1
// Execute: dotnet Lab11-DefaultJob-1.dll --anonymousPipes 1216 1160 --benchmarkName Lab11.MultithreadingBenchmarks.Modern_ProcessArrayAsync --job Default --benchmarkId 1 in D:\yhoba\1\Test\123\Lab11-Multithreading-CSharp\bin\Release\net8.0\Lab11-DefaultJob-1\bin\Release\net8.0
// BeforeAnythingElse

// Benchmark Process Environment Information:
// BenchmarkDotNet v0.15.8
// Runtime=.NET 8.0.22 (8.0.22, 8.0.2225.52707), X64 RyuJIT x86-64-v4
// GC=Concurrent Workstation
// HardwareIntrinsics=AVX512 IFMA+VBMI,AVX512 F+BW+CD+DQ+VL,AVX2+BMI1+BMI2+F16C+FMA+LZCNT+MOVBE,AVX,SSE3+SSSE3+SSE4.1+SSE4.2+POPCNT,X86Base+SSE+SSE2,AES+PCLMUL VectorSize=256
// Job: DefaultJob

OverheadJitting  1: 1 op, 123000.00 ns, 123.0000 us/op
WorkloadJitting  1: 1 op, 7289800.00 ns, 7.2898 ms/op

OverheadJitting  2: 16 op, 286000.00 ns, 17.8750 us/op
WorkloadJitting  2: 16 op, 1924400.00 ns, 120.2750 us/op

WorkloadPilot    1: 16 op, 200200.00 ns, 12.5125 us/op
WorkloadPilot    2: 32 op, 694200.00 ns, 21.6938 us/op
WorkloadPilot    3: 64 op, 1016800.00 ns, 15.8875 us/op
WorkloadPilot    4: 128 op, 1238300.00 ns, 9.6742 us/op
WorkloadPilot    5: 256 op, 1044700.00 ns, 4.0809 us/op
WorkloadPilot    6: 512 op, 1782900.00 ns, 3.4822 us/op
WorkloadPilot    7: 1024 op, 3668600.00 ns, 3.5826 us/op
WorkloadPilot    8: 2048 op, 5691600.00 ns, 2.7791 us/op
WorkloadPilot    9: 4096 op, 10049800.00 ns, 2.4536 us/op
WorkloadPilot   10: 8192 op, 19285500.00 ns, 2.3542 us/op
WorkloadPilot   11: 16384 op, 34348800.00 ns, 2.0965 us/op
WorkloadPilot   12: 32768 op, 58629400.00 ns, 1.7892 us/op
WorkloadPilot   13: 65536 op, 116657900.00 ns, 1.7801 us/op
WorkloadPilot   14: 131072 op, 259738900.00 ns, 1.9817 us/op
WorkloadPilot   15: 262144 op, 358129200.00 ns, 1.3662 us/op
WorkloadPilot   16: 524288 op, 605798700.00 ns, 1.1555 us/op

OverheadWarmup   1: 524288 op, 1104800.00 ns, 2.1072 ns/op
OverheadWarmup   2: 524288 op, 1093800.00 ns, 2.0863 ns/op
OverheadWarmup   3: 524288 op, 1096500.00 ns, 2.0914 ns/op
OverheadWarmup   4: 524288 op, 1091600.00 ns, 2.0821 ns/op
OverheadWarmup   5: 524288 op, 1096700.00 ns, 2.0918 ns/op
OverheadWarmup   6: 524288 op, 1095200.00 ns, 2.0889 ns/op

OverheadActual   1: 524288 op, 1093300.00 ns, 2.0853 ns/op
OverheadActual   2: 524288 op, 1096500.00 ns, 2.0914 ns/op
OverheadActual   3: 524288 op, 1093200.00 ns, 2.0851 ns/op
OverheadActual   4: 524288 op, 1076600.00 ns, 2.0535 ns/op
OverheadActual   5: 524288 op, 1095400.00 ns, 2.0893 ns/op
OverheadActual   6: 524288 op, 1093900.00 ns, 2.0864 ns/op
OverheadActual   7: 524288 op, 1096700.00 ns, 2.0918 ns/op
OverheadActual   8: 524288 op, 1094800.00 ns, 2.0882 ns/op
OverheadActual   9: 524288 op, 1094800.00 ns, 2.0882 ns/op
OverheadActual  10: 524288 op, 1092700.00 ns, 2.0842 ns/op
OverheadActual  11: 524288 op, 1099600.00 ns, 2.0973 ns/op
OverheadActual  12: 524288 op, 1101000.00 ns, 2.1000 ns/op
OverheadActual  13: 524288 op, 1096700.00 ns, 2.0918 ns/op
OverheadActual  14: 524288 op, 1076800.00 ns, 2.0538 ns/op
OverheadActual  15: 524288 op, 1092600.00 ns, 2.0840 ns/op

WorkloadWarmup   1: 524288 op, 608370100.00 ns, 1.1604 us/op
WorkloadWarmup   2: 524288 op, 617450200.00 ns, 1.1777 us/op
WorkloadWarmup   3: 524288 op, 623395800.00 ns, 1.1890 us/op
WorkloadWarmup   4: 524288 op, 610723700.00 ns, 1.1649 us/op
WorkloadWarmup   5: 524288 op, 605080900.00 ns, 1.1541 us/op
WorkloadWarmup   6: 524288 op, 602469600.00 ns, 1.1491 us/op
WorkloadWarmup   7: 524288 op, 606222200.00 ns, 1.1563 us/op
WorkloadWarmup   8: 524288 op, 604203000.00 ns, 1.1524 us/op

// BeforeActualRun
WorkloadActual   1: 524288 op, 607383300.00 ns, 1.1585 us/op
WorkloadActual   2: 524288 op, 605988200.00 ns, 1.1558 us/op
WorkloadActual   3: 524288 op, 604509500.00 ns, 1.1530 us/op
WorkloadActual   4: 524288 op, 614332200.00 ns, 1.1717 us/op
WorkloadActual   5: 524288 op, 604683800.00 ns, 1.1533 us/op
WorkloadActual   6: 524288 op, 613164400.00 ns, 1.1695 us/op
WorkloadActual   7: 524288 op, 605534800.00 ns, 1.1550 us/op
WorkloadActual   8: 524288 op, 599201600.00 ns, 1.1429 us/op
WorkloadActual   9: 524288 op, 608885900.00 ns, 1.1614 us/op
WorkloadActual  10: 524288 op, 607655800.00 ns, 1.1590 us/op
WorkloadActual  11: 524288 op, 605940900.00 ns, 1.1557 us/op
WorkloadActual  12: 524288 op, 604070100.00 ns, 1.1522 us/op
WorkloadActual  13: 524288 op, 603612800.00 ns, 1.1513 us/op
WorkloadActual  14: 524288 op, 605184000.00 ns, 1.1543 us/op
WorkloadActual  15: 524288 op, 610442200.00 ns, 1.1643 us/op

// AfterActualRun
WorkloadResult   1: 524288 op, 606288500.00 ns, 1.1564 us/op
WorkloadResult   2: 524288 op, 604893400.00 ns, 1.1537 us/op
WorkloadResult   3: 524288 op, 603414700.00 ns, 1.1509 us/op
WorkloadResult   4: 524288 op, 603589000.00 ns, 1.1513 us/op
WorkloadResult   5: 524288 op, 612069600.00 ns, 1.1674 us/op
WorkloadResult   6: 524288 op, 604440000.00 ns, 1.1529 us/op
WorkloadResult   7: 524288 op, 598106800.00 ns, 1.1408 us/op
WorkloadResult   8: 524288 op, 607791100.00 ns, 1.1593 us/op
WorkloadResult   9: 524288 op, 606561000.00 ns, 1.1569 us/op
WorkloadResult  10: 524288 op, 604846100.00 ns, 1.1537 us/op
WorkloadResult  11: 524288 op, 602975300.00 ns, 1.1501 us/op
WorkloadResult  12: 524288 op, 602518000.00 ns, 1.1492 us/op
WorkloadResult  13: 524288 op, 604089200.00 ns, 1.1522 us/op
WorkloadResult  14: 524288 op, 609347400.00 ns, 1.1622 us/op
// GC:  39 0 0 250907128 524288
// Threading:  1050897 1 524288

// AfterAll
// Benchmark Process 33952 has exited with code 0.

Mean = 1.154 μs, StdErr = 0.002 μs (0.15%), N = 14, StdDev = 0.006 μs
Min = 1.141 μs, Q1 = 1.151 μs, Median = 1.153 μs, Q3 = 1.157 μs, Max = 1.167 μs
IQR = 0.006 μs, LowerFence = 1.142 μs, UpperFence = 1.165 μs
ConfidenceInterval = [1.147 μs; 1.161 μs] (CI 99.9%), Margin = 0.007 μs (0.62% of Mean)
Skewness = 0.15, Kurtosis = 3.03, MValue = 2

// ** Remained 0 (0,0%) benchmark(s) to run. Estimated finish 2026-08-05 10:23 (0h 0m from now) **
Successfully reverted power plan (GUID: 8c5e7fda-e8bf-4a96-9a85-a6e23a8c635c FriendlyName: Висока продуктивність)
// ***** BenchmarkRunner: Finish  *****

// * Export *
  BenchmarkDotNet.Artifacts\results\Lab11.MultithreadingBenchmarks-report.csv
  BenchmarkDotNet.Artifacts\results\Lab11.MultithreadingBenchmarks-report-github.md
  BenchmarkDotNet.Artifacts\results\Lab11.MultithreadingBenchmarks-report.html

// * Detailed results *
MultithreadingBenchmarks.Legacy_ProcessArray: DefaultJob
Runtime = .NET 8.0.22 (8.0.22, 8.0.2225.52707), X64 RyuJIT x86-64-v4; GC = Concurrent Workstation
Mean = 158.555 μs, StdErr = 0.877 μs (0.55%), N = 44, StdDev = 5.819 μs
Min = 143.457 μs, Q1 = 154.112 μs, Median = 158.807 μs, Q3 = 162.495 μs, Max = 171.769 μs
IQR = 8.384 μs, LowerFence = 141.536 μs, UpperFence = 175.071 μs
ConfidenceInterval = [155.456 μs; 161.653 μs] (CI 99.9%), Margin = 3.098 μs (1.95% of Mean)
Skewness = -0.03, Kurtosis = 2.96, MValue = 2
-------------------- Histogram --------------------
[141.293 μs ; 145.620 μs) | @
[145.620 μs ; 150.361 μs) | @
[150.361 μs ; 155.964 μs) | @@@@@@@@@@@@
[155.964 μs ; 160.463 μs) | @@@@@@@@@@@@
[160.463 μs ; 164.791 μs) | @@@@@@@@@@@@@@
[164.791 μs ; 169.583 μs) | @@
[169.583 μs ; 173.932 μs) | @@
---------------------------------------------------

MultithreadingBenchmarks.Modern_ProcessArrayAsync: DefaultJob
Runtime = .NET 8.0.22 (8.0.22, 8.0.2225.52707), X64 RyuJIT x86-64-v4; GC = Concurrent Workstation
Mean = 1.154 μs, StdErr = 0.002 μs (0.15%), N = 14, StdDev = 0.006 μs
Min = 1.141 μs, Q1 = 1.151 μs, Median = 1.153 μs, Q3 = 1.157 μs, Max = 1.167 μs
IQR = 0.006 μs, LowerFence = 1.142 μs, UpperFence = 1.165 μs
ConfidenceInterval = [1.147 μs; 1.161 μs] (CI 99.9%), Margin = 0.007 μs (0.62% of Mean)
Skewness = 0.15, Kurtosis = 3.03, MValue = 2
-------------------- Histogram --------------------
[1.137 μs ; 1.171 μs) | @@@@@@@@@@@@@@
---------------------------------------------------

// * Summary *

BenchmarkDotNet v0.15.8, Windows 11 (10.0.26200.8973/25H2/2025Update/HudsonValley2)
11th Gen Intel Core i5-11400H 2.70GHz (Max: 2.69GHz), 1 CPU, 12 logical and 6 physical cores
.NET SDK 10.0.302
  [Host]     : .NET 8.0.22 (8.0.22, 8.0.2225.52707), X64 RyuJIT x86-64-v4
  DefaultJob : .NET 8.0.22 (8.0.22, 8.0.2225.52707), X64 RyuJIT x86-64-v4


| Method                   | Mean       | Error     | StdDev    | Ratio | RatioSD | Gen0   | Gen1   | Gen2   | Allocated | Alloc Ratio |
|------------------------- |-----------:|----------:|----------:|------:|--------:|-------:|-------:|-------:|----------:|------------:|
| Legacy_ProcessArray      | 158.555 μs | 3.0984 μs | 5.8195 μs | 1.001 |    0.05 | 0.7324 | 0.7324 | 0.7324 |     400 B |        1.00 |
| Modern_ProcessArrayAsync |   1.154 μs | 0.0072 μs | 0.0064 μs | 0.007 |    0.00 | 0.0744 |      - |      - |     479 B |        1.20 |

// * Hints *
Outliers
  MultithreadingBenchmarks.Modern_ProcessArrayAsync: Default -> 1 outlier  was  removed (1.17 μs)

// * Legends *
  Mean        : Arithmetic mean of all measurements
  Error       : Half of 99.9% confidence interval
  StdDev      : Standard deviation of all measurements
  Ratio       : Mean of the ratio distribution ([Current]/[Baseline])
  RatioSD     : Standard deviation of the ratio distribution ([Current]/[Baseline])
  Gen0        : GC Generation 0 collects per 1000 operations
  Gen1        : GC Generation 1 collects per 1000 operations
  Gen2        : GC Generation 2 collects per 1000 operations
  Allocated   : Allocated memory per single operation (managed only, inclusive, 1KB = 1024B)
  Alloc Ratio : Allocated memory ratio distribution ([Current]/[Baseline])
  1 μs        : 1 Microsecond (0.000001 sec)

// * Diagnostic Output - MemoryDiagnoser *


// ***** BenchmarkRunner: End *****
Run time: 00:00:53 (53.37 sec), executed benchmarks: 2

Global total time: 00:00:59 (59.99 sec), executed benchmarks: 2
// * Artifacts cleanup *
Artifacts cleanup is finished
